2026-09-08 22:14:28,109 | INFO | Run 5a19960d-7f0f-4e1e-b6ff-13a6388dd7a8 iniciado con watermark 1900-01-01 00:00:00
2026-09-08 22:14:29,483 | INFO | Run 5a19960d-7f0f-4e1e-b6ff-13a6388dd7a8 exitoso: leídas=61200 cargadas=56100 rechazadas=5100 rechazo=8.33%
2026-09-08 22:16:10,972 | INFO | Run 2ff7b6b1-5a3c-4690-9041-9a8068a2b4cb iniciado con watermark 2025-11-28 09:45:00
2026-09-08 22:16:11,004 | INFO | Run 2ff7b6b1-5a3c-4690-9041-9a8068a2b4cb sin filas nuevas
2026-09-08 22:17:37,513 | INFO | Run 231be2a3-ba61-41f7-91e3-5c8221300df7 iniciado con watermark 2025-11-28 09:45:00
2026-09-08 22:17:37,603 | INFO | Run 231be2a3-ba61-41f7-91e3-5c8221300df7 exitoso: leídas=1044 cargadas=968 rechazadas=76 rechazo=7.28%
2026-09-08 22:25:29,989 | INFO | Run 685bfdee-fee2-4a72-a95d-81731bd202fb iniciado con watermark 1900-01-01 00:00:00
2026-09-08 22:25:31,131 | INFO | Run 685bfdee-fee2-4a72-a95d-81731bd202fb exitoso: leídas=61200 cargadas=56100 rechazadas=5100 rechazo=8.33%
2026-09-08 22:25:41,014 | INFO | Run 77aff3aa-c8e1-44bc-b1e0-8f601cf36df7 iniciado con watermark 2025-11-28 09:45:00
2026-09-08 22:25:41,139 | INFO | Run 77aff3aa-c8e1-44bc-b1e0-8f601cf36df7 exitoso: leídas=2550 cargadas=2338 rechazadas=212 rechazo=8.31%
2026-09-08 22:27:03,369 | INFO | Run 20305df7-5f72-44cb-83c1-412744d65865 iniciado con watermark 1900-01-01 00:00:00
2026-09-08 22:27:04,651 | INFO | Run 20305df7-5f72-44cb-83c1-412744d65865 exitoso: leídas=61200 cargadas=56100 rechazadas=5100 rechazo=8.33%
2026-09-08 22:27:09,381 | INFO | Run 71b1a86e-3e94-4d4e-b9c1-8cbd07cc7d3c iniciado con watermark 2025-11-28 09:45:00
2026-09-08 22:27:09,505 | INFO | Run 71b1a86e-3e94-4d4e-b9c1-8cbd07cc7d3c exitoso: leídas=2550 cargadas=2338 rechazadas=212 rechazo=8.31%
2026-09-08 23:07:33,128 | INFO | Run 3bc071e2-f800-4fc4-9a2e-6381a2865a8f iniciado con watermark 1900-01-01 00:00:00
2026-09-08 23:07:34,316 | INFO | Run 3bc071e2-f800-4fc4-9a2e-6381a2865a8f exitoso: leídas=61200 cargadas=56100 rechazadas=5100 rechazo=8.33%
2026-09-08 23:35:18,796 | INFO | Run 202659de-ff56-419c-aa21-78b24fb4f70a iniciado con watermark 1900-01-01 00:00:00
2026-09-08 23:35:19,995 | INFO | Run 202659de-ff56-419c-aa21-78b24fb4f70a exitoso: leídas=61200 cargadas=56100 rechazadas=5100 rechazo=8.33%
2026-09-08 23:50:52,060 | INFO | Run 0294aa56-4acb-424c-adbd-dff8f3da53c2 iniciado con watermark 1900-01-01 00:00:00
2026-09-08 23:50:53,379 | INFO | Run 0294aa56-4acb-424c-adbd-dff8f3da53c2 exitoso: leídas=61200 cargadas=56100 rechazadas=5100 rechazo=8.33%
2026-09-08 23:55:36,702 | INFO | Run faec1981-8874-4dc7-a654-ef7397d52b23 iniciado con watermark 1900-01-01 00:00:00
2026-09-08 23:55:38,046 | INFO | Run faec1981-8874-4dc7-a654-ef7397d52b23 exitoso: leídas=61200 cargadas=56100 rechazadas=5100 rechazo=8.33%
